
> marketplace-platform@1.0.0 build
> next build

  Γû▓ Next.js 14.2.33
  - Environments: .env.local

   Creating an optimized production build ...
node.exe : Failed to compile.
At C:\Program Files\nodejs\npm.ps1:29 char:3
+   & $NODE_EXE $NPM_CLI_JS $args
+   ~~~~~~~~~~~~~~~~~~~~~~~~~~~~~
    + CategoryInfo          : NotSpecified: (Failed to compile.:String) [], Re 
   moteException
    + FullyQualifiedErrorId : NativeCommandError
 

./app/page.tsx
Error: 
  [31mx[0m Expected '{', got 'Search'
     ,-[[36;1;4mC:\Users\jae.jojo\Downloads\marketplace\app\page.tsx[0m:97:1]
 [2m 97[0m |     } catch (error) {
 [2m 98[0m |       console.error('[HOME] Error fetching products:', error);
 [2m 99[0m |       setProducts([]);
 [2m100[0m |     } finally Search = async (e: 
React.FormEvent<HTMLFormElement>) => {
     : [31;1m              ^^^^^^[0m
 [2m101[0m |     e.preventDefault();
 [2m102[0m |     setIsSearching(true);
 [2m103[0m |     await fetchProducts(searchQuery);
     `----

Caused by:
    Syntax Error

Import trace for requested module:
./app/page.tsx


> Build failed because of webpack errors
